// Jest Snapshot v1, https://goo.gl/fbAQLP

exports[`LoadingIndicator Component should render correctly 1`] = `
<div>
  <div
    class="loading__overlay"
    data-testid="loading-indicator"
  >
    <div
      class="loader"
    />
  </div>
</div>
`;
