// Jest Snapshot v1, https://goo.gl/fbAQLP

exports[`Banner component should render correctly 1`] = `
<div>
  <section
    class="banner"
  >
    <img
      alt="The Impact of Technology on the Workplace: How Technology is Changing"
      class="banner__img"
      src="https://images.unsplash.com/photo-1543877087-ebf71fde2be1?ixlib=rb-4.0.3&ixid=M3wxMjA3fDB8MHxzZWFyY2h8OXx8bmF0dXJhbHxlbnwwfHwwfHx8MA%3D%3D&auto=format&fit=crop&w=600&q=60"
    />
    <div
      class="banner__card"
    >
      <span
        class="badge"
        style="background-color: rgb(75, 107, 251); color: rgb(255, 255, 255);"
      >
        Technology
      </span>
      <p
        class=""
        style="font-family: work-sans; font-size: 36px; font-weight: 600; line-height: 40px; color: rgb(59, 60, 74);"
      >
        The Impact of Technology on the Workplace: How Technology is Changing
      </p>
      <div
        class="banner__card-footer"
      >
        <img
          alt="Tracey Wilson"
          class="banner__author-avatar"
          src="https://www.w3schools.com/w3images/avatar2.png"
        />
        <p
          class=""
          style="font-family: plus-jakarta-sans; font-size: 16px; font-weight: 500; line-height: 24px; color: rgb(59, 60, 74);"
        >
          Tracey Wilson
        </p>
        <p
          class=""
          style="font-family: plus-jakarta-sans; font-size: 16px; font-weight: 500; line-height: 24px; color: rgb(59, 60, 74);"
        >
          August 20, 2022
        </p>
      </div>
    </div>
  </section>
</div>
`;
