// Jest Snapshot v1, https://goo.gl/fbAQLP

exports[`CircularProgress component should render correctly 1`] = `
<div>
  <div
    class="loader"
  />
</div>
`;
